******************************************************************************
                  MSP430 Linker PC v4.3.1                      
******************************************************************************
>> Linked Sat Jun 14 22:29:18 2014

OUTPUT FILE NAME:   <proj19_RFID_door_send_REVA.out>
ENTRY POINT SYMBOL: "_c_int00"  address: 0000cbe2


MEMORY CONFIGURATION

         name            origin    length      used     unused   attr    fill
----------------------  --------  ---------  --------  --------  ----  --------
  SFR                   00000000   00000010  00000000  00000010  RWIX
  PERIPHERALS_8BIT      00000010   000000f0  00000000  000000f0  RWIX
  PERIPHERALS_16BIT     00000100   00000100  00000000  00000100  RWIX
  RAM                   00000200   00000200  0000007f  00000181  RWIX
  INFOD                 00001000   00000040  00000000  00000040  RWIX
  INFOC                 00001040   00000040  00000000  00000040  RWIX
  INFOB                 00001080   00000040  00000000  00000040  RWIX
  INFOA                 000010c0   00000040  00000000  00000040  RWIX
  FLASH                 0000c000   00003fe0  00000cfe  000032e2  RWIX
  INT00                 0000ffe0   00000002  00000000  00000002  RWIX
  INT01                 0000ffe2   00000002  00000000  00000002  RWIX
  INT02                 0000ffe4   00000002  00000002  00000000  RWIX
  INT03                 0000ffe6   00000002  00000002  00000000  RWIX
  INT04                 0000ffe8   00000002  00000000  00000002  RWIX
  INT05                 0000ffea   00000002  00000002  00000000  RWIX
  INT06                 0000ffec   00000002  00000002  00000000  RWIX
  INT07                 0000ffee   00000002  00000002  00000000  RWIX
  INT08                 0000fff0   00000002  00000002  00000000  RWIX
  INT09                 0000fff2   00000002  00000002  00000000  RWIX
  INT10                 0000fff4   00000002  00000002  00000000  RWIX
  INT11                 0000fff6   00000002  00000002  00000000  RWIX
  INT12                 0000fff8   00000002  00000002  00000000  RWIX
  INT13                 0000fffa   00000002  00000002  00000000  RWIX
  INT14                 0000fffc   00000002  00000002  00000000  RWIX
  RESET                 0000fffe   00000002  00000002  00000000  RWIX


SECTION ALLOCATION MAP

 output                                  attributes/
section   page    origin      length       input sections
--------  ----  ----------  ----------   ----------------
.init_array 
*          0    0000c000    00000000     UNINITIALIZED

.bss       0    00000200    0000002b     UNINITIALIZED
                  00000200    00000010     (.common:RealCardNum)
                  00000210    00000010     (.common:cardNum)
                  00000220    00000002     (.common:user)
                  00000222    00000001     (.common:i)
                  00000223    00000001     (.common:rf_addr_width)
                  00000224    00000001     (.common:rf_channel)
                  00000225    00000001     (.common:rf_crc)
                  00000226    00000001     (.common:rf_feature)
                  00000227    00000001     (.common:rf_irq)
                  00000228    00000001     (.common:rf_speed_power)
                  00000229    00000001     (.common:rf_status)
                  0000022a    00000001     (.common:status)

.TI.noinit 
*          0    00000200    00000000     UNINITIALIZED

.data      0    0000022c    00000004     UNINITIALIZED
                  0000022c    00000004     main.obj (.data)

.TI.persistent 
*          0    0000022c    00000000     UNINITIALIZED

.stack     0    000003b0    00000050     UNINITIALIZED
                  000003b0    00000002     rts430_eabi.lib : boot.obj (.stack)
                  000003b2    0000004e     --HOLE--

.text      0    0000c000    00000ce4     
                  0000c000    000001ce     main.obj (.text:main)
                  0000c1ce    00000168     main.obj (.text:ToCard)
                  0000c336    00000094     msprf24.obj (.text:msprf24_init)
                  0000c3ca    00000074     main.obj (.text:CalulateCRC)
                  0000c43e    0000006a     msprf24.obj (.text:msprf24_set_pipe_packetsize)
                  0000c4a8    00000062     msprf24.obj (.text:msprf24_set_retransmit_delay)
                  0000c50a    00000062     msprf24.obj (.text:w_tx_payload)
                  0000c56c    0000005e     rts430_eabi.lib : copy_decompress_rle.obj (.text:__TI_decompress_rle_core)
                  0000c5ca    0000005e                     : autoinit.obj (.text:_auto_init)
                  0000c628    0000005c     main.obj (.text:Anticoll)
                  0000c684    0000005a     msprf24.obj (.text:msprf24_current_state)
                  0000c6de    0000005a     msprf24.obj (.text:msprf24_open_pipe)
                  0000c738    00000058     msprf24.obj (.text:w_rx_addr)
                  0000c790    00000054     main.obj (.text:Init)
                  0000c7e4    00000050     msprf24.obj (.text:msprf24_irq_clear)
                  0000c834    00000044     main.obj (.text:Request)
                  0000c878    0000003a     main.obj (.text:Halt)
                  0000c8b2    00000038     msprf24.obj (.text:w_tx_addr)
                  0000c8ea    00000034     msp430_spi.obj (.text:spi_transfer16)
                  0000c91e    0000002e     msprf24.obj (.text:msprf24_set_speed_power)
                  0000c94c    0000002e     msprf24.obj (.text:msprf24_standby)
                  0000c97a    0000002e     main.obj (.text:spiA_init)
                  0000c9a8    0000002c     rts430_eabi.lib : lsl16.obj (.text)
                  0000c9d4    0000002a     msprf24.obj (.text:msprf24_set_config)
                  0000c9fe    00000028     msprf24.obj (.text:msprf24_activate_tx)
                  0000ca26    00000026     msprf24.obj (.text:r_reg)
                  0000ca4c    00000026     msp430_spi.obj (.text:spi_init)
                  0000ca72    00000026     msprf24.obj (.text:w_reg)
                  0000ca98    00000024     msprf24.obj (.text:msprf24_set_address_width)
                  0000cabc    00000022     msprf24.obj (.text:msprf24_enable_feature)
                  0000cade    00000022     msprf24.obj (.text:msprf24_set_retransmit_count)
                  0000cb00    00000020     main.obj (.text:WriteReg)
                  0000cb20    0000001e     msprf24.obj (.text:msprf24_set_channel)
                  0000cb3e    0000001c     main.obj (.text:AntennaOn)
                  0000cb5a    0000001c     main.obj (.text:ReadReg)
                  0000cb76    0000001c     msprf24.obj (.text:msprf24_close_pipe_all)
                  0000cb92    0000001c     msprf24.obj (.text:msprf24_is_alive)
                  0000cbae    0000001a     main.obj (.text:ClearBitMask)
                  0000cbc8    0000001a     main.obj (.text:SetBitMask)
                  0000cbe2    0000001a     rts430_eabi.lib : boot.obj (.text:_c_int00_noexit)
                  0000cbfc    00000016     msprf24.obj (.text:flush_rx)
                  0000cc12    00000016     msprf24.obj (.text:flush_tx)
                  0000cc28    00000016     rts430_eabi.lib : div16u.obj (.text)
                  0000cc3e    00000014                     : copy_zero_init.obj (.text:decompress:ZI:__TI_zero_init)
                  0000cc52    00000012     msprf24.obj (.text:P2_IRQ)
                  0000cc64    00000012     rts430_eabi.lib : copy_decompress_none.obj (.text:decompress:none:__TI_decompress_none)
                  0000cc76    00000012                     : memcpy.obj (.text:memcpy)
                  0000cc88    00000010                     : epilog.obj (.text)
                  0000cc98    00000010     main.obj (.text:spiA_transfer)
                  0000cca8    00000010     msp430_spi.obj (.text:spi_transfer)
                  0000ccb8    0000000c     main.obj (.text:Reset)
                  0000ccc4    0000000c     msprf24.obj (.text:msprf24_powerdown)
                  0000ccd0    00000006     rts430_eabi.lib : isr_trap.obj (.text:__TI_ISR_TRAP)
                  0000ccd6    00000006                     : copy_decompress_rle.obj (.text:decompress:rle24:__TI_decompress_rle24)
                  0000ccdc    00000004                     : pre_init.obj (.text:_system_pre_init)
                  0000cce0    00000004                     : exit.obj (.text:abort)

.cinit     0    0000cce4    0000001a     
                  0000cce4    00000008     (.cinit..data.load) [load image]
                  0000ccec    00000006     (__TI_handler_table)
                  0000ccf2    00000004     (.cinit..bss.load) [load image, compression = zero_init]
                  0000ccf6    00000008     (__TI_cinit_table)

PORT1      0    0000ffe4    00000002     
                  0000ffe4    00000002     rts430_eabi.lib : int02.obj (.int02)

PORT2      0    0000ffe6    00000002     
                  0000ffe6    00000002     msprf24.obj (.int03)

ADC10      0    0000ffea    00000002     
                  0000ffea    00000002     rts430_eabi.lib : int05.obj (.int05)

USCIAB0TX 
*          0    0000ffec    00000002     
                  0000ffec    00000002     rts430_eabi.lib : int06.obj (.int06)

USCIAB0RX 
*          0    0000ffee    00000002     
                  0000ffee    00000002     rts430_eabi.lib : int07.obj (.int07)

TIMER0_A1 
*          0    0000fff0    00000002     
                  0000fff0    00000002     rts430_eabi.lib : int08.obj (.int08)

TIMER0_A0 
*          0    0000fff2    00000002     
                  0000fff2    00000002     rts430_eabi.lib : int09.obj (.int09)

WDT        0    0000fff4    00000002     
                  0000fff4    00000002     rts430_eabi.lib : int10.obj (.int10)

COMPARATORA 
*          0    0000fff6    00000002     
                  0000fff6    00000002     rts430_eabi.lib : int11.obj (.int11)

TIMER1_A1 
*          0    0000fff8    00000002     
                  0000fff8    00000002     rts430_eabi.lib : int12.obj (.int12)

TIMER1_A0 
*          0    0000fffa    00000002     
                  0000fffa    00000002     rts430_eabi.lib : int13.obj (.int13)

NMI        0    0000fffc    00000002     
                  0000fffc    00000002     rts430_eabi.lib : int14.obj (.int14)

.reset     0    0000fffe    00000002     
                  0000fffe    00000002     rts430_eabi.lib : boot.obj (.reset)


LINKER GENERATED COPY TABLES

__TI_cinit_table @ 0000ccf6 records: 2, size/record: 4, table size: 8
	.data: load addr=0000cce4, load size=00000008 bytes, run addr=0000022c, run size=00000004 bytes, compression=copy
	.bss: load addr=0000ccf2, load size=00000004 bytes, run addr=00000200, run size=0000002b bytes, compression=zero_init


LINKER GENERATED HANDLER TABLE

__TI_handler_table @ 0000ccec records: 3, size/record: 2, table size: 6
	index: 0, handler: __TI_zero_init
	index: 1, handler: __TI_decompress_rle24
	index: 2, handler: __TI_decompress_none


GLOBAL SYMBOLS: SORTED ALPHABETICALLY BY Name 

address    name
--------   ----
0000004a   ADC10AE0
000001b0   ADC10CTL0
000001b2   ADC10CTL1
00000048   ADC10DTC0
00000049   ADC10DTC1
000001b4   ADC10MEM
000001bc   ADC10SA
0000cb3e   AntennaOn
0000c628   Anticoll
00000057   BCSCTL1
00000058   BCSCTL2
00000053   BCSCTL3
0000cce0   C$$EXIT
00000059   CACTL1
0000005a   CACTL2
000010fb   CALBC1_12MHZ
000010f9   CALBC1_16MHZ
000010ff   CALBC1_1MHZ
000010fd   CALBC1_8MHZ
000010fa   CALDCO_12MHZ
000010f8   CALDCO_16MHZ
000010fe   CALDCO_1MHZ
000010fc   CALDCO_8MHZ
0000005b   CAPD
0000c3ca   CalulateCRC
0000022c   CardNumber
0000cbae   ClearBitMask
00000056   DCOCTL
00000128   FCTL1
0000012a   FCTL2
0000012c   FCTL3
0000c878   Halt
00000000   IE1
00000001   IE2
00000002   IFG1
00000003   IFG2
0000c790   Init
00000022   P1DIR
00000025   P1IE
00000024   P1IES
00000023   P1IFG
00000020   P1IN
00000021   P1OUT
00000027   P1REN
00000026   P1SEL
00000041   P1SEL2
0000002a   P2DIR
0000002d   P2IE
0000002c   P2IES
0000002b   P2IFG
00000028   P2IN
00000029   P2OUT
0000002f   P2REN
0000002e   P2SEL
00000042   P2SEL2
0000cc52   P2_IRQ
0000001a   P3DIR
00000018   P3IN
00000019   P3OUT
00000010   P3REN
0000001b   P3SEL
00000043   P3SEL2
0000cb5a   ReadReg
00000200   RealCardNum
0000c834   Request
0000ccb8   Reset
0000cbc8   SetBitMask
00000172   TA0CCR0
00000174   TA0CCR1
00000176   TA0CCR2
00000162   TA0CCTL0
00000164   TA0CCTL1
00000166   TA0CCTL2
00000160   TA0CTL
0000012e   TA0IV
00000170   TA0R
00000192   TA1CCR0
00000194   TA1CCR1
00000196   TA1CCR2
00000182   TA1CCTL0
00000184   TA1CCTL1
00000186   TA1CCTL2
00000180   TA1CTL
0000011e   TA1IV
00000190   TA1R
000010db   TLV_ADC10_1_LEN
000010da   TLV_ADC10_1_TAG
000010c0   TLV_CHECKSUM
000010f7   TLV_DCO_30_LEN
000010f6   TLV_DCO_30_TAG
0000c1ce   ToCard
0000005d   UCA0ABCTL
00000062   UCA0BR0
00000063   UCA0BR1
00000060   UCA0CTL0
00000061   UCA0CTL1
0000005f   UCA0IRRCTL
0000005e   UCA0IRTCTL
00000064   UCA0MCTL
00000066   UCA0RXBUF
00000065   UCA0STAT
00000067   UCA0TXBUF
0000006a   UCB0BR0
0000006b   UCB0BR1
00000068   UCB0CTL0
00000069   UCB0CTL1
0000006c   UCB0I2CIE
00000118   UCB0I2COA
0000011a   UCB0I2CSA
0000006e   UCB0RXBUF
0000006d   UCB0STAT
0000006f   UCB0TXBUF
00000120   WDTCTL
0000cb00   WriteReg
00000400   __STACK_END
00000050   __STACK_SIZE
0000ccf6   __TI_CINIT_Base
0000ccfe   __TI_CINIT_Limit
0000ccec   __TI_Handler_Table_Base
0000ccf2   __TI_Handler_Table_Limit
UNDEFED    __TI_INITARRAY_Base
UNDEFED    __TI_INITARRAY_Limit
0000ccd0   __TI_ISR_TRAP
00000001   __TI_args_main
0000cc64   __TI_decompress_none
0000ccd6   __TI_decompress_rle24
00000001   __TI_exit
0000ffe4   __TI_int02
0000ffe6   __TI_int03
0000ffea   __TI_int05
0000ffec   __TI_int06
0000ffee   __TI_int07
0000fff0   __TI_int08
0000fff2   __TI_int09
0000fff4   __TI_int10
0000fff6   __TI_int11
0000fff8   __TI_int12
0000fffa   __TI_int13
0000fffc   __TI_int14
0000cc3e   __TI_zero_init
ffffffff   __binit__
ffffffff   __c_args__
0000cc28   __mspabi_divu
0000cc94   __mspabi_func_epilog_1
0000cc92   __mspabi_func_epilog_2
0000cc90   __mspabi_func_epilog_3
0000cc8e   __mspabi_func_epilog_4
0000cc8c   __mspabi_func_epilog_5
0000cc8a   __mspabi_func_epilog_6
0000cc88   __mspabi_func_epilog_7
0000cc28   __mspabi_remu
0000c9a8   __mspabi_slli
0000c9d0   __mspabi_slli_1
0000c9be   __mspabi_slli_10
0000c9bc   __mspabi_slli_11
0000c9ba   __mspabi_slli_12
0000c9b8   __mspabi_slli_13
0000c9b6   __mspabi_slli_14
0000c9b4   __mspabi_slli_15
0000c9ce   __mspabi_slli_2
0000c9cc   __mspabi_slli_3
0000c9ca   __mspabi_slli_4
0000c9c8   __mspabi_slli_5
0000c9c6   __mspabi_slli_6
0000c9c4   __mspabi_slli_7
0000c9c2   __mspabi_slli_8
0000c9c0   __mspabi_slli_9
0000c5ca   _auto_init
0000cbe2   _c_int00
0000cbe2   _c_int00_noexit
0000fffe   _reset_vector
000003b0   _stack
0000ccdc   _system_pre_init
0000cce0   abort
ffffffff   binit
00000210   cardNum
0000cbfc   flush_rx
0000cc12   flush_tx
00000222   i
0000022e   ledcount
0000c000   main
0000cc76   memcpy
0000c9fe   msprf24_activate_tx
0000cb76   msprf24_close_pipe_all
0000c684   msprf24_current_state
0000cabc   msprf24_enable_feature
0000c336   msprf24_init
0000c7e4   msprf24_irq_clear
0000cb92   msprf24_is_alive
0000c6de   msprf24_open_pipe
0000ccc4   msprf24_powerdown
0000ca98   msprf24_set_address_width
0000cb20   msprf24_set_channel
0000c9d4   msprf24_set_config
0000c43e   msprf24_set_pipe_packetsize
0000cade   msprf24_set_retransmit_count
0000c4a8   msprf24_set_retransmit_delay
0000c91e   msprf24_set_speed_power
0000c94c   msprf24_standby
0000ca26   r_reg
00000223   rf_addr_width
00000224   rf_channel
00000225   rf_crc
00000226   rf_feature
00000227   rf_irq
00000228   rf_speed_power
00000229   rf_status
0000c97a   spiA_init
0000cc98   spiA_transfer
0000ca4c   spi_init
0000cca8   spi_transfer
0000c8ea   spi_transfer16
0000022a   status
00000220   user
0000ca72   w_reg
0000c738   w_rx_addr
0000c8b2   w_tx_addr
0000c50a   w_tx_payload


GLOBAL SYMBOLS: SORTED BY Symbol Address 

address    name
--------   ----
00000000   IE1
00000001   IE2
00000001   __TI_args_main
00000001   __TI_exit
00000002   IFG1
00000003   IFG2
00000010   P3REN
00000018   P3IN
00000019   P3OUT
0000001a   P3DIR
0000001b   P3SEL
00000020   P1IN
00000021   P1OUT
00000022   P1DIR
00000023   P1IFG
00000024   P1IES
00000025   P1IE
00000026   P1SEL
00000027   P1REN
00000028   P2IN
00000029   P2OUT
0000002a   P2DIR
0000002b   P2IFG
0000002c   P2IES
0000002d   P2IE
0000002e   P2SEL
0000002f   P2REN
00000041   P1SEL2
00000042   P2SEL2
00000043   P3SEL2
00000048   ADC10DTC0
00000049   ADC10DTC1
0000004a   ADC10AE0
00000050   __STACK_SIZE
00000053   BCSCTL3
00000056   DCOCTL
00000057   BCSCTL1
00000058   BCSCTL2
00000059   CACTL1
0000005a   CACTL2
0000005b   CAPD
0000005d   UCA0ABCTL
0000005e   UCA0IRTCTL
0000005f   UCA0IRRCTL
00000060   UCA0CTL0
00000061   UCA0CTL1
00000062   UCA0BR0
00000063   UCA0BR1
00000064   UCA0MCTL
00000065   UCA0STAT
00000066   UCA0RXBUF
00000067   UCA0TXBUF
00000068   UCB0CTL0
00000069   UCB0CTL1
0000006a   UCB0BR0
0000006b   UCB0BR1
0000006c   UCB0I2CIE
0000006d   UCB0STAT
0000006e   UCB0RXBUF
0000006f   UCB0TXBUF
00000118   UCB0I2COA
0000011a   UCB0I2CSA
0000011e   TA1IV
00000120   WDTCTL
00000128   FCTL1
0000012a   FCTL2
0000012c   FCTL3
0000012e   TA0IV
00000160   TA0CTL
00000162   TA0CCTL0
00000164   TA0CCTL1
00000166   TA0CCTL2
00000170   TA0R
00000172   TA0CCR0
00000174   TA0CCR1
00000176   TA0CCR2
00000180   TA1CTL
00000182   TA1CCTL0
00000184   TA1CCTL1
00000186   TA1CCTL2
00000190   TA1R
00000192   TA1CCR0
00000194   TA1CCR1
00000196   TA1CCR2
000001b0   ADC10CTL0
000001b2   ADC10CTL1
000001b4   ADC10MEM
000001bc   ADC10SA
00000200   RealCardNum
00000210   cardNum
00000220   user
00000222   i
00000223   rf_addr_width
00000224   rf_channel
00000225   rf_crc
00000226   rf_feature
00000227   rf_irq
00000228   rf_speed_power
00000229   rf_status
0000022a   status
0000022c   CardNumber
0000022e   ledcount
000003b0   _stack
00000400   __STACK_END
000010c0   TLV_CHECKSUM
000010da   TLV_ADC10_1_TAG
000010db   TLV_ADC10_1_LEN
000010f6   TLV_DCO_30_TAG
000010f7   TLV_DCO_30_LEN
000010f8   CALDCO_16MHZ
000010f9   CALBC1_16MHZ
000010fa   CALDCO_12MHZ
000010fb   CALBC1_12MHZ
000010fc   CALDCO_8MHZ
000010fd   CALBC1_8MHZ
000010fe   CALDCO_1MHZ
000010ff   CALBC1_1MHZ
0000c000   main
0000c1ce   ToCard
0000c336   msprf24_init
0000c3ca   CalulateCRC
0000c43e   msprf24_set_pipe_packetsize
0000c4a8   msprf24_set_retransmit_delay
0000c50a   w_tx_payload
0000c5ca   _auto_init
0000c628   Anticoll
0000c684   msprf24_current_state
0000c6de   msprf24_open_pipe
0000c738   w_rx_addr
0000c790   Init
0000c7e4   msprf24_irq_clear
0000c834   Request
0000c878   Halt
0000c8b2   w_tx_addr
0000c8ea   spi_transfer16
0000c91e   msprf24_set_speed_power
0000c94c   msprf24_standby
0000c97a   spiA_init
0000c9a8   __mspabi_slli
0000c9b4   __mspabi_slli_15
0000c9b6   __mspabi_slli_14
0000c9b8   __mspabi_slli_13
0000c9ba   __mspabi_slli_12
0000c9bc   __mspabi_slli_11
0000c9be   __mspabi_slli_10
0000c9c0   __mspabi_slli_9
0000c9c2   __mspabi_slli_8
0000c9c4   __mspabi_slli_7
0000c9c6   __mspabi_slli_6
0000c9c8   __mspabi_slli_5
0000c9ca   __mspabi_slli_4
0000c9cc   __mspabi_slli_3
0000c9ce   __mspabi_slli_2
0000c9d0   __mspabi_slli_1
0000c9d4   msprf24_set_config
0000c9fe   msprf24_activate_tx
0000ca26   r_reg
0000ca4c   spi_init
0000ca72   w_reg
0000ca98   msprf24_set_address_width
0000cabc   msprf24_enable_feature
0000cade   msprf24_set_retransmit_count
0000cb00   WriteReg
0000cb20   msprf24_set_channel
0000cb3e   AntennaOn
0000cb5a   ReadReg
0000cb76   msprf24_close_pipe_all
0000cb92   msprf24_is_alive
0000cbae   ClearBitMask
0000cbc8   SetBitMask
0000cbe2   _c_int00
0000cbe2   _c_int00_noexit
0000cbfc   flush_rx
0000cc12   flush_tx
0000cc28   __mspabi_divu
0000cc28   __mspabi_remu
0000cc3e   __TI_zero_init
0000cc52   P2_IRQ
0000cc64   __TI_decompress_none
0000cc76   memcpy
0000cc88   __mspabi_func_epilog_7
0000cc8a   __mspabi_func_epilog_6
0000cc8c   __mspabi_func_epilog_5
0000cc8e   __mspabi_func_epilog_4
0000cc90   __mspabi_func_epilog_3
0000cc92   __mspabi_func_epilog_2
0000cc94   __mspabi_func_epilog_1
0000cc98   spiA_transfer
0000cca8   spi_transfer
0000ccb8   Reset
0000ccc4   msprf24_powerdown
0000ccd0   __TI_ISR_TRAP
0000ccd6   __TI_decompress_rle24
0000ccdc   _system_pre_init
0000cce0   C$$EXIT
0000cce0   abort
0000ccec   __TI_Handler_Table_Base
0000ccf2   __TI_Handler_Table_Limit
0000ccf6   __TI_CINIT_Base
0000ccfe   __TI_CINIT_Limit
0000ffe4   __TI_int02
0000ffe6   __TI_int03
0000ffea   __TI_int05
0000ffec   __TI_int06
0000ffee   __TI_int07
0000fff0   __TI_int08
0000fff2   __TI_int09
0000fff4   __TI_int10
0000fff6   __TI_int11
0000fff8   __TI_int12
0000fffa   __TI_int13
0000fffc   __TI_int14
0000fffe   _reset_vector
ffffffff   __binit__
ffffffff   __c_args__
ffffffff   binit
UNDEFED    __TI_INITARRAY_Base
UNDEFED    __TI_INITARRAY_Limit

[218 symbols]
